HAVE_HEADER.vis_h=n
HAVE_HEADER.fts_h=n
HAVE_HEADER_FILE.fts_h=n
HAVE_PROTOTYPE.fts_read=n
HAVE_PROTOTYPE.fts_open=n
HAVE_FUNC1.htobe32.sys_endian_h=n
HAVE_FUNC1.bswap64.machine_bswap_h=n
CPPFLAGS=-DHAVE_HEADER_FILE_FTS_H=n -DHAVE_HEADER_VIS_H=n -DHAVE_HEADER_FTS_H=n -DHAVE_FUNC1_HTOBE32_SYS_ENDIAN_H=n -DHAVE_FUNC1_BSWAP64_MACHINE_BSWAP_H=n -DHAVE_PROTOTYPE_FTS_READ=n -DHAVE_PROTOTYPE_FTS_OPEN=n
