=========== all ============
checking /bad/include/other_header.h using cc -E... no
checking trtrtr.h using cc -c... no
checking sys/brbrbr.h using cc -c... no
checking for function implementation trtrtr... no
checking for function implementation brbrbr ( -ldl )... no
checking for function implementation brbrbr... no
checking for define TRTRTR... no
checking for define BRBRBR ( sys/time.h )... no
checking for type trtrtr_t... no
checking for type brbrbr_t ( sys/time.h )... no
checking for variable v_trtrtr... no
checking for variable v_brbrbr ( sys/time.h )... no
checking for member trtr.trtr_t ( string.h )... no
checking for member brbr.brbr_t ( sys/time.h )... no
checking for func trtrtr ( sys/time.h )... no
checking for func brbrbr... no
checking custom test custom_test1... 0
checking for program trtrtr... NOT FOUND
checking for program brbrbr... NOT FOUND
checking for prototype void badfunc999(void) ( bad_include.h )... no
ERROR: header /bad/include/other_header.h does not exist
ERROR: header trtrtr.h does not exist or is not compilable
ERROR: header sys/brbrbr.h does not exist or is not compilable
ERROR: cannot find function trtrtr
ERROR: cannot find function brbrbr:dl
ERROR: cannot find declaration of define TRTRTR
ERROR: cannot find declaration of define BRBRBR:sys/time.h
ERROR: cannot find declaration of type trtrtr_t
ERROR: cannot find declaration of type brbrbr_t:sys/time.h
ERROR: cannot find declaration of variable v_trtrtr
ERROR: cannot find declaration of variable v_brbrbr:sys/time.h
ERROR: cannot find member trtr.trtr_t:string.h
ERROR: cannot find member brbr.brbr_t:sys/time.h
ERROR: cannot find declaration of function trtrtr:sys/time.h
ERROR: cannot find declaration of function brbrbr
ERROR: custom test test1 failed
ERROR: cannot find program trtrtr
ERROR: cannot find program brbrbr
ERROR: prototype test bad999 failed
*** Error code 1
Stop.
/objdir/Makefile
/objdir/_mkc_cc_type.err
/objdir/_mkc_cc_type.res
/objdir/expect.out
/objdir/reqd_clean_cache.test.out.tmp
/objdir/test.mk
/objdir/test1.c
