=========== test1 ============
checking for C compiler type... mmm nnn
=========== test2 ============
checking for C compiler type... mmm nnn
=========== test3 ============
checking for C compiler type... mmm nnn
=========== test4 ============
checking for C compiler type... mmm nnn
=========== test5 ============
checking for C compiler type... mmm nnn
=========== test6 ============
checking for C compiler type... mmm nnn
=========== test7 ============
checking for C compiler type... mmm nnn
=========== test8 ============
checking for C compiler type... mmm nnn
=========== test9 ============
checking for C compiler type... mmm nnn
=========== test10 ============
checking for C compiler type... mmm nnn
=========== test11 ============
checking for C compiler type... mmm nnn
=========== test12 ============
checking for C compiler type... mmm nnn
=========== test13 ============
checking for C compiler type... mmm nnn
=========== test14 ============
checking for C compiler type... mmm nnn
=========== test15 ============
checking for C compiler type... mmm nnn
=========== test16 ============
checking for C compiler type... mmm nnn
=========== test17 ============
checking for C compiler type... mmm nnn
=========== test18 ============
checking for C compiler type... mmm nnn
=========== test19 ============
checking for C compiler type... mmm nnn
=========== test20 ============
checking for C compiler type... mmm nnn
=========== test21 ============
checking for C compiler type... mmm nnn
=========== test22 ============
checking for C compiler type... mmm nnn
=========== test23 ============
checking for C compiler type... mmm nnn
=========== test24 ============
checking for C compiler type... mmm nnn
=========== test25 ============
checking for C compiler type... mmm nnn
=========== test26 ============
checking for C compiler type... mmm nnn
=========== test27 ============
checking for C compiler type... mmm nnn
=========== test28 ============
checking for C compiler type... mmm nnn
=========== test29 ============
checking for C compiler type... mmm nnn
=========== test30 ============
checking for C++ compiler type... mmm nnn
=========== test31 ============
checking for C++ compiler type... mmm nnn
