ERROR: We need mk-configure v.999.0.0 while 0.29.2 is detected
