=========== {pre,do,post}_recursive ============
==================================================
configure ===> tests/predopost_targets/lib
fake target pre_configure
fake target do_configure
fake target post_configure
==================================================
configure ===> tests/predopost_targets/others
fake target pre_configure
fake target do_configure
fake target post_configure
==================================================
configure ===> tests/predopost_targets/lua
fake target pre_configure
fake target do_configure
fake target post_configure
==================================================
clean ===> tests/predopost_targets/lib
fake target pre_clean
fake target do_clean
fake target post_clean
==================================================
clean ===> tests/predopost_targets/others
fake target pre_clean
fake target do_clean
fake target post_clean
==================================================
clean ===> tests/predopost_targets/lua
fake target pre_clean
fake target do_clean
fake target post_clean
rm -rf /objdir/prefix /objdir/prefix
==================================================
cleandir ===> tests/predopost_targets/lib
fake target pre_cleandir
fake target do_cleandir
fake target post_cleandir
==================================================
cleandir ===> tests/predopost_targets/others
fake target pre_cleandir
fake target do_cleandir
fake target post_cleandir
==================================================
cleandir ===> tests/predopost_targets/lua
fake target pre_cleandir
fake target do_cleandir
fake target post_cleandir
rm -rf  /objdir/prefix /objdir/prefix
==================================================
install ===> tests/predopost_targets/lib
fake target pre_installdirs
fake target do_installdirs
fake target post_installdirs
fake target pre_install
fake target do_install
fake target post_install
==================================================
install ===> tests/predopost_targets/others
fake target pre_installdirs
fake target do_installdirs
fake target post_installdirs
fake target pre_install
fake target do_install
fake target post_install
==================================================
install ===> tests/predopost_targets/lua
fake target pre_installdirs
fake target do_installdirs
fake target post_installdirs
fake target pre_install
fake target do_install
fake target post_install
==================================================
all ===> tests/predopost_targets/lib
fake target pre_configure
fake target do_configure
fake target post_configure
fake target pre_all
fake target do_all
fake target post_all
==================================================
all ===> tests/predopost_targets/others
fake target pre_configure
fake target do_configure
fake target post_configure
fake target pre_all
fake target do_all
fake target post_all
==================================================
all ===> tests/predopost_targets/lua
fake target pre_configure
fake target do_configure
fake target post_configure
fake target pre_all
fake target do_all
fake target post_all
==================================================
uninstall ===> tests/predopost_targets/lib
fake target pre_uninstall
fake target do_uninstall
fake target post_uninstall
==================================================
uninstall ===> tests/predopost_targets/others
fake target pre_uninstall
fake target do_uninstall
fake target post_uninstall
==================================================
uninstall ===> tests/predopost_targets/lua
fake target pre_uninstall
fake target do_uninstall
fake target post_uninstall
==================================================
installdirs ===> tests/predopost_targets/lib
fake target pre_installdirs
fake target do_installdirs
fake target post_installdirs
==================================================
installdirs ===> tests/predopost_targets/others
fake target pre_installdirs
fake target do_installdirs
fake target post_installdirs
==================================================
installdirs ===> tests/predopost_targets/lua
fake target pre_installdirs
fake target do_installdirs
fake target post_installdirs
==================================================
depend ===> tests/predopost_targets/lib
fake target pre_depend
fake target do_depend
fake target post_depend
==================================================
depend ===> tests/predopost_targets/others
fake target pre_depend
fake target do_depend
fake target post_depend
==================================================
depend ===> tests/predopost_targets/lua
fake target pre_depend
fake target do_depend
fake target post_depend
==================================================
install ===> tests/predopost_targets/lib
fake target pre_install
fake target do_install
fake target post_install
==================================================
install ===> tests/predopost_targets/others
fake target pre_install
fake target do_install
fake target post_install
==================================================
install ===> tests/predopost_targets/lua
fake target pre_install
fake target do_install
fake target post_install
=========== {pre,do,post}_nonrec ============
fake target pre_bin_tar
fake target do_bin_tar
fake target post_bin_tar
fake target pre_bin_targz
fake target do_bin_targz
fake target post_bin_targz
fake target pre_bin_tarbz2
fake target do_bin_tarbz2
fake target post_bin_tarbz2
fake target pre_bin_zip
fake target do_bin_zip
fake target post_bin_zip
fake target pre_bin_deb
fake target do_bin_deb
fake target post_bin_deb
