ERROR: mk-configure-999.0.0 is required but N.N.N is provided
ERROR: bmake-20110606 or newer is required, but bmake-00000000 is provided
=========== all ============
/objdir/Makefile
/objdir/expect.out
/objdir/hello.in
/objdir/reqd4.test.out
/objdir/test.mk
