checking string.h using compiler... yes
cache file exists
