/objdir/prefix
/objdir/prefix/vendor
/objdir/prefix/vendor/bin
=====
/objdir/prefix
/objdir/prefix/vendor
/objdir/prefix/vendor/bin
/objdir/prefix/vendor/bin/empty_file.txt
=====
permissions 0700 bin/empty2 ok
permissions 0750 sbin ok
permissions 0750 lib ok
=====
Stripping /objdir/prefix/vendor/share/#inst.<NUM>#
Stripping /objdir/prefix/vendor/share/#inst.<NUM>#
/objdir/prefix
/objdir/prefix/vendor
/objdir/prefix/vendor/bin
/objdir/prefix/vendor/bin/empty2
/objdir/prefix/vendor/bin/empty_file.txt
/objdir/prefix/vendor/lib
/objdir/prefix/vendor/sbin
/objdir/prefix/vendor/share
/objdir/prefix/vendor/share/empty_file.txt
/objdir/prefix/vendor/share/empty_file_copy
/objdir/prefix/vendor/share/expect.out
=====
failed0
failed1
failed2
failed3
failed4
=====
