=========== all ============
/objdir/Makefile
/objdir/_mkc_pkgconfig_bad_library.err
/objdir/_mkc_pkgconfig_glib2_ge_999.999.err
/objdir/_mkc_prog_pkg-config.err
/objdir/_mkc_prog_pkg-config.res
/objdir/expect.out
/objdir/reqd_clean_cache.test.out
/objdir/reqd_clean_cache2.test.out.tmp
/objdir/test.mk
