HAVE_HEADER.sys_stat_h=1
SIZEOF.int.sys_types_h=1
CPPFLAGS=-DHAVE_HEADER_SYS_STAT_H=1 -DSIZEOF_INT_SYS_TYPES_H=1
