HAVE_HEADER_FILE.vis_h=n
CFLAGS= -DHAVE_HEADER_FILE_FTS_H=n -DHAVE_HEADER_FTS_H=n -DSIZEOF_INT_SYS_TYPES_H=n -DHAVE_PROTOTYPE_FTS_READ=n
