ERROR: Package dependency requirement 'glib-2.0 >= 99.0' could not be satisfied.
