=========== all ============
/objdir/tool/test_features.o
