=========== all ============
/objdir/Makefile
/objdir/_mkc_cc_type.err
/objdir/_mkc_cc_type.res
/objdir/_mkc_cxx_type.err
/objdir/_mkc_cxx_type.res
/objdir/_mkc_funclib_dummy.c
/objdir/_mkc_funclib_dummy.err
/objdir/_mkc_funclib_dummy.res
/objdir/_mkc_prog_cxx.err
/objdir/_mkc_prog_cxx.res
/objdir/cxxlib.so
/objdir/dummy.os
/objdir/expect.out
/objdir/hello_msg1.os
/objdir/hello_msg2.os
/objdir/mkdll.test.out.tmp
========= install ==========
/objdir/prefix
/objdir/prefix/include
/objdir/prefix/include/hello_msg.h
/objdir/prefix/include/impl
/objdir/prefix/include/impl/hello_msg1.h
/objdir/prefix/include/impl/hello_msg2.h
/objdir/prefix/lib
/objdir/prefix/lib/cxxlib.so
======== uninstall =========
========== clean ===========
/objdir/Makefile
/objdir/_mkc_cc_type.err
/objdir/_mkc_cc_type.res
/objdir/_mkc_cxx_type.err
/objdir/_mkc_cxx_type.res
/objdir/_mkc_funclib_dummy.c
/objdir/_mkc_funclib_dummy.err
/objdir/_mkc_funclib_dummy.res
/objdir/_mkc_prog_cxx.err
/objdir/_mkc_prog_cxx.res
/objdir/expect.out
/objdir/mkdll.test.out.tmp
======= CLEANFILES ==========
/objdir/mkdll.test.out
cxxlib.so
dummy.o
dummy.op
dummy.os
hello_msg1.o
hello_msg1.op
hello_msg1.os
hello_msg2.o
hello_msg2.op
hello_msg2.os
libcxxlib.a
libcxxlib_p.a
libcxxlib_pic.a
======= UNINSTALLFILES ==========
/prefix/include/hello_msg.h
/prefix/include/impl/hello_msg1.h
/prefix/include/impl/hello_msg2.h
/prefix/lib/cxxlib.so
======= cleandir ==========
/objdir/Makefile
/objdir/expect.out
/objdir/mkdll.test.out.tmp
