HAVE_HEADER.sys_time_h=1
HAVE_HEADER.string_h=1
HAVE_HEADER.unistd_h=1
HAVE_HEADER_FILE.sys_time_h=1
HAVE_HEADER_FILE.string_h=1
HAVE_HEADER_FILE.unistd_h=1
HAVE_FUNCLIB.strcpy=1
HAVE_FUNCLIB.sqrt=ok
HAVE_FUNC2.strcmp.string_h=1
HAVE_FUNC3.strcpy=0
SIZEOF.int=n
SIZEOF.long_long=n
SIZEOF.voidP=n
SIZEOF.size_t.string_h=n
HAVE_TYPE.size_t.string_h=1
HAVE_TYPE.bad_type=0
HAVE_TYPE.time_t.time_h=1
HAVE_HEADER.bad_header_h=0
HAVE_HEADER.bad_dir_bad_header_h=0
HAVE_HEADER_FILE.bad_header_h=0
HAVE_HEADER_FILE.bad_dir_bad_header_h=0
HAVE_FUNCLIB.bad_func=0
HAVE_FUNCLIB.bad_func.bad_lib=0
HAVE_DEFINE.__BAD_DEFINE__=0
HAVE_FUNC1.bad_func=0
HAVE_FUNC1.bad_func.bad_header=0
HAVE_FUNC1.bad_func1.string_h=0
HAVE_FUNC2.strtok.string_h=1
SIZEOF.bad_type=failed
SIZEOF.bad_type.bad_header_h=failed
HAVE_FUNCLIB.superfunc1=0
HAVE_FUNCLIB.superfunc2.superlib2=0
HAVE_MEMBER.struct_tm_tm_isdst.time_h=1
HAVE_MEMBER.struct_sockaddr_in_sin_addr_s_addr.netinet_in_h=1
HAVE_MEMBER.bad_member=0
HAVE_MEMBER.bad_member.string_h=0
HAVE_HEADER.include_mkc_test_h=1
HAVE_HEADER_FILE.include_mkc_test_h=1
HAVE_DEFINE.MKC_TEST_DEFINE.include_mkc_test_h=1
HAVE_DEFINE.EINVAL.errno_h=1
HAVE_FUNC5.mkc_test_func.include_mkc_test_h=1
HAVE_VAR.mkc_test_var.include_mkc_test_h=1
HAVE_MEMBER.struct_mkc_test_t_a.include_mkc_test_h=1
HAVE_MEMBER.struct_mkc_test_t_b_c.include_mkc_test_h=1
HAVE_PROTOTYPE.strcmp_ok=1
HAVE_PROTOTYPE.strcmp_bad=0
HAVE_PROTOTYPE.function_absent=0
CUSTOM.custom_check1=1
CUSTOM.custom_check2=0
HAVE_PROG.sh=1
PROG.sh=/somewhere/bin/sh
HAVE_PROG.awk=1
PROG.awk=/somewhere/bin/awk
HAVE_PROG.megaprog-x34=0
PROG.megaprog-x34=
MKC_AUTO_CFLAGS= -DHAVE_HEADER_FILE_SYS_TIME_H=1 -DHAVE_HEADER_FILE_STRING_H=1 -DHAVE_HEADER_FILE_UNISTD_H=1 -DHAVE_HEADER_FILE_INCLUDE_MKC_TEST_H=1 -DHAVE_HEADER_SYS_TIME_H=1 -DHAVE_HEADER_STRING_H=1 -DHAVE_HEADER_UNISTD_H=1 -DHAVE_HEADER_INCLUDE_MKC_TEST_H=1 -DSIZEOF_INT=n -DSIZEOF_LONG_LONG=n -DSIZEOF_VOIDP=n -DSIZEOF_SIZE_T_STRING_H=n -DHAVE_DEFINE_MKC_TEST_DEFINE_INCLUDE_MKC_TEST_H=1 -DHAVE_DEFINE_EINVAL_ERRNO_H=1 -DHAVE_TYPE_SIZE_T_STRING_H=1 -DHAVE_TYPE_TIME_T_TIME_H=1 -DHAVE_VAR_ERRNO_ERRNO_H=1 -DHAVE_VAR_MKC_TEST_VAR_INCLUDE_MKC_TEST_H=1 -DHAVE_MEMBER_STRUCT_TM_TM_ISDST_TIME_H=1 -DHAVE_MEMBER_STRUCT_SOCKADDR_IN_SIN_ADDR_S_ADDR_ARPA_INET_H_NETINET_IN_H=1 -DHAVE_MEMBER_STRUCT_MKC_TEST_T_A_INCLUDE_MKC_TEST_H=1 -DHAVE_MEMBER_STRUCT_MKC_TEST_T_B_C_INCLUDE_MKC_TEST_H=1 -DHAVE_FUNC2_STRCMP_STRING_H=1 -DHAVE_FUNC5_MKC_TEST_FUNC_INCLUDE_MKC_TEST_H=1 -DCUSTOM_CUSTOM_CHECK1=1 -DHAVE_PROTOTYPE_STRCMP_OK=1
MKC_AUTO_SRCS= superfunc1.c superfunc2.c
MKC_AUTO_LDADD=

KNOWN_SYSTEM
MKC_COMMON_DEFINES_WORKS_FINE
===============================
HAVE_HEADER.sys_time_h=2
HAVE_HEADER.string_h=2
HAVE_HEADER.unistd_h=2
HAVE_HEADER_FILE.sys_time_h=2
HAVE_HEADER_FILE.string_h=2
HAVE_HEADER_FILE.unistd_h=2
HAVE_FUNCLIB.strcpy=2
HAVE_FUNCLIB.sqrt=ok
HAVE_FUNC2.strcmp.string_h=2
HAVE_FUNC3.strcpy=2
SIZEOF.int=n
SIZEOF.long_long=n
SIZEOF.voidP=n
SIZEOF.size_t.string_h=n
HAVE_TYPE.size_t.string_h=2
HAVE_TYPE.bad_type=2
HAVE_TYPE.time_t.time_h=0
HAVE_HEADER.bad_header_h=0
HAVE_HEADER.bad_dir_bad_header_h=0
HAVE_HEADER_FILE.bad_header_h=0
HAVE_HEADER_FILE.bad_dir_bad_header_h=0
HAVE_FUNCLIB.bad_func=0
HAVE_FUNCLIB.bad_func.bad_lib=0
HAVE_DEFINE.__BAD_DEFINE__=2
HAVE_FUNC1.bad_func=0
HAVE_FUNC1.bad_func.bad_header=0
HAVE_FUNC1.bad_func1.string_h=0
HAVE_FUNC2.strtok.string_h=1
SIZEOF.bad_type=failed
SIZEOF.bad_type.bad_header_h=failed
HAVE_FUNCLIB.superfunc1=0
HAVE_FUNCLIB.superfunc2.superlib2=0
HAVE_MEMBER.struct_tm_tm_isdst.time_h=1
HAVE_MEMBER.struct_sockaddr_in_sin_addr_s_addr.netinet_in_h=1
HAVE_MEMBER.bad_member=2
HAVE_MEMBER.bad_member.string_h=2
HAVE_HEADER.include_mkc_test_h=1
HAVE_HEADER_FILE.include_mkc_test_h=1
HAVE_DEFINE.MKC_TEST_DEFINE.include_mkc_test_h=1
HAVE_DEFINE.EINVAL.errno_h=0
HAVE_FUNC5.mkc_test_func.include_mkc_test_h=1
HAVE_VAR.mkc_test_var.include_mkc_test_h=2
HAVE_MEMBER.struct_mkc_test_t_a.include_mkc_test_h=1
HAVE_MEMBER.struct_mkc_test_t_b_c.include_mkc_test_h=1
HAVE_PROTOTYPE.strcmp_ok=0
HAVE_PROTOTYPE.strcmp_bad=1
HAVE_PROTOTYPE.function_absent=0
CUSTOM.custom_check1=0
CUSTOM.custom_check2=1
HAVE_PROG.sh=1
PROG.sh=/somewhere/bin/sh
HAVE_PROG.awk=0
PROG.awk=
HAVE_PROG.megaprog-x34=0
PROG.megaprog-x34=/bad/path
MKC_AUTO_CFLAGS= -DHAVE_HEADER_FILE_SYS_TIME_H=2 -DHAVE_HEADER_FILE_STRING_H=2 -DHAVE_HEADER_FILE_UNISTD_H=2 -DHAVE_HEADER_FILE_INCLUDE_MKC_TEST_H=1 -DHAVE_HEADER_SYS_TIME_H=2 -DHAVE_HEADER_STRING_H=2 -DHAVE_HEADER_UNISTD_H=2 -DHAVE_HEADER_INCLUDE_MKC_TEST_H=1 -DSIZEOF_INT=n -DSIZEOF_LONG_LONG=n -DSIZEOF_VOIDP=n -DSIZEOF_SIZE_T_STRING_H=n -DHAVE_DEFINE___BAD_DEFINE__=1 -DHAVE_DEFINE_MKC_TEST_DEFINE_INCLUDE_MKC_TEST_H=1 -DHAVE_TYPE_SIZE_T_STRING_H=1 -DHAVE_TYPE_BAD_TYPE=1 -DHAVE_VAR_ERRNO_ERRNO_H=1 -DHAVE_VAR_MKC_TEST_VAR_INCLUDE_MKC_TEST_H=1 -DHAVE_MEMBER_STRUCT_TM_TM_ISDST_TIME_H=1 -DHAVE_MEMBER_STRUCT_SOCKADDR_IN_SIN_ADDR_S_ADDR_ARPA_INET_H_NETINET_IN_H=1 -DHAVE_MEMBER_BAD_MEMBER=1 -DHAVE_MEMBER_BAD_MEMBER_STRING_H=1 -DHAVE_MEMBER_STRUCT_MKC_TEST_T_A_INCLUDE_MKC_TEST_H=1 -DHAVE_MEMBER_STRUCT_MKC_TEST_T_B_C_INCLUDE_MKC_TEST_H=1 -DHAVE_FUNC2_STRCMP_STRING_H=1 -DHAVE_FUNC3_STRCPY=1 -DHAVE_FUNC5_MKC_TEST_FUNC_INCLUDE_MKC_TEST_H=1 -DCUSTOM_CUSTOM_CHECK2=1 -DHAVE_PROTOTYPE_STRCMP_BAD=1
MKC_AUTO_SRCS= superfunc1.c superfunc2.c
MKC_AUTO_LDADD=

KNOWN_SYSTEM
MKC_COMMON_DEFINES_WORKS_FINE
===============================
