=========== all ============
/objdir/Makefile
/objdir/_mkc_cc_type.err
/objdir/_mkc_cc_type.res
/objdir/_mkc_cxx_type.err
/objdir/_mkc_cxx_type.res
/objdir/_mkc_funclib_dummy.c
/objdir/_mkc_funclib_dummy.err
/objdir/_mkc_funclib_dummy.res
/objdir/_mkc_prog_cxx.err
/objdir/_mkc_prog_cxx.res
/objdir/dummy.os
/objdir/expect.out
/objdir/hello_msg1.os
/objdir/hello_msg2.os
/objdir/libcxxlib_pic.a
/objdir/mkpiclib.done
/objdir/mkpiclib.test.out.tmp
/objdir/test.mk
========= install ==========
/objdir/prefix
/objdir/prefix/include
/objdir/prefix/include/hello_msg.h
/objdir/prefix/include/impl
/objdir/prefix/include/impl/hello_msg1.h
/objdir/prefix/include/impl/hello_msg2.h
/objdir/prefix/lib
/objdir/prefix/lib/libcxxlib_pic.a
======== uninstall =========
========== clean ===========
/objdir/Makefile
/objdir/_mkc_cc_type.err
/objdir/_mkc_cc_type.res
/objdir/_mkc_cxx_type.err
/objdir/_mkc_cxx_type.res
/objdir/_mkc_funclib_dummy.c
/objdir/_mkc_funclib_dummy.err
/objdir/_mkc_funclib_dummy.res
/objdir/_mkc_prog_cxx.err
/objdir/_mkc_prog_cxx.res
/objdir/expect.out
/objdir/mkpiclib.test.out.tmp
/objdir/test.mk
======= CLEANFILES ==========
*.done
*.o
*.op
*.os
/objdir/mkpiclib.test.out
libcxxlib.a
libcxxlib_p.a
libcxxlib_pic.a
======= UNINSTALLFILES ==========
/prefix/include/hello_msg.h
/prefix/include/impl/hello_msg1.h
/prefix/include/impl/hello_msg2.h
/prefix/lib/libcxxlib_pic.a
======= cleandir ==========
/objdir/Makefile
/objdir/expect.out
/objdir/mkpiclib.test.out.tmp
/objdir/test.mk
