ERROR: We need mk-configure-999.0.0 while N.N.N is detected
